Godot Engine v4.7.stable.official.5b4e0cb0f - https://godotengine.org

[   0% ] first_scan_filesystem | Started Project initialization (5 steps)
[   0% ] first_scan_filesystem | Scanning file structure...
[  16% ] first_scan_filesystem | Loading global class names...
[  33% ] first_scan_filesystem | Verifying GDExtensions...
[  50% ] first_scan_filesystem | Creating autoload scripts...
[  66% ] first_scan_filesystem | Initializing plugins...
[  83% ] first_scan_filesystem | Starting file scan...
[ DONE ] first_scan_filesystem

[   0% ] _update_scan_actions | Started Scanning actions... (14 steps)
[   0% ] _update_scan_actions | bollard.png
[   6% ] _update_scan_actions | cone.png
[  13% ] _update_scan_actions | fruit_crate.png
[  20% ] _update_scan_actions | lantern_post.png
[  26% ] _update_scan_actions | parked_scooter.png
[  33% ] _update_scan_actions | planter.png
[  40% ] _update_scan_actions | stall-fruit.png
[  46% ] _update_scan_actions | stall-snack.png
[  53% ] _update_scan_actions | overlay-cracks.png
[  60% ] _update_scan_actions | overlay-drain-grate.png
[  66% ] _update_scan_actions | overlay-manhole.png
[  73% ] _update_scan_actions | overlay-puddle.png
[  80% ] _update_scan_actions | overlay-zebra.png
[  86% ] _update_scan_actions | pavement.png
[ DONE ] _update_scan_actions

[   0% ] reimport | Started (Re)Importing Assets (14 steps)
[   0% ] reimport | Preparing files to reimport...
[   6% ] reimport | Preparing files to reimport...
[  13% ] reimport | Preparing files to reimport...
[  20% ] reimport | Preparing files to reimport...
[  26% ] reimport | Preparing files to reimport...
[  33% ] reimport | Preparing files to reimport...
[  40% ] reimport | Preparing files to reimport...
[  46% ] reimport | Preparing files to reimport...
[  53% ] reimport | Preparing files to reimport...
[  60% ] reimport | Preparing files to reimport...
[  66% ] reimport | Preparing files to reimport...
[  73% ] reimport | Preparing files to reimport...
[  80% ] reimport | Preparing files to reimport...
[  86% ] reimport | Preparing files to reimport...
[   0% ] reimport | Executing pre-reimport operations...
[   0% ] reimport | bollard.png
[   6% ] reimport | cone.png
[  13% ] reimport | fruit_crate.png
[  20% ] reimport | lantern_post.png
[  26% ] reimport | parked_scooter.png
[  33% ] reimport | planter.png
[  40% ] reimport | stall-fruit.png
[  46% ] reimport | stall-snack.png
[  53% ] reimport | overlay-cracks.png
[  60% ] reimport | overlay-drain-grate.png
[  66% ] reimport | overlay-manhole.png
[  73% ] reimport | overlay-puddle.png
[  80% ] reimport | overlay-zebra.png
[  86% ] reimport | pavement.png
[  93% ] reimport | Finalizing Asset Import...
[ DONE ] reimport

[   0% ] reimport | Started (Re)Importing Assets (14 steps)
[   0% ] reimport | Executing post-reimport operations...
[ DONE ] reimport

[   0% ] loading_editor_layout | Started Loading editor (5 steps)
[   0% ] loading_editor_layout | Loading editor layout...
[  16% ] loading_editor_layout | Loading docks...
[ DONE ] loading_editor_layout

